[Incubating] Problems report is available at: file:///home/user/project/build/reports/problems/problems-report.html

FAILURE: Build failed with an exception.

* Where:
Build file '/home/user/project/build.gradle' line: 2

* What went wrong:
Plugin [id: 'fabric-loom', version: '1.9.2'] was not found in any of the following sources:

- Gradle Core Plugins (not a core plugin. For more available plugins, please refer to https://docs.gradle.org/8.11/userguide/plugin_reference.html in the Gradle documentation.)
- Included Builds (No included builds contain this plugin)
- Plugin Repositories (could not resolve plugin artifact 'fabric-loom:fabric-loom.gradle.plugin:1.9.2')
  Searched in the following repositories:
    maven(https://maven.fabricmc.net/)
    Gradle Central Plugin Repository
    MavenRepo

* Try:
> Run with --stacktrace option to get the stack trace.
> Run with --info or --debug option to get more log output.
> Run with --scan to get full insights.
> Get more help at https://help.gradle.org.

Deprecated Gradle features were used in this build, making it incompatible with Gradle 9.0.

You can use '--warning-mode all' to show the individual deprecation warnings and determine if they come from your own scripts or plugins.

For more on this, please refer to https://docs.gradle.org/8.11/userguide/command_line_interface.html#sec:command_line_warnings in the Gradle documentation.

BUILD FAILED in 1s
